[engage.alliancecan.ca/index.html]
[backblue.gif]
[fade.gif]
[index.html]
[engage.alliancecan.ca/css/normalize.css]
[engage.alliancecan.ca/css/style.css]
[engage.alliancecan.ca/img/Alliance_Logo_White.svg]
[engage.alliancecan.ca/french.html]
[engage.alliancecan.ca/img/Card-1_VR-Lady.jpg]
[engage.alliancecan.ca/img/Card-2_Doctor_Lady-Tablet.jpg]
[engage.alliancecan.ca/img/Card-3_People_Talking.jpg]
[engage.alliancecan.ca/index.html]
[engage.alliancecan.ca/css/normalize.css]
[engage.alliancecan.ca/img/Hero-Spot-Banner_Dark.jpg]
[engage.alliancecan.ca/img/tech-banner_picture_Dark.jpg]
[engage.alliancecan.ca/img/Alliance_Footer-Shapes.svg]
[engage.alliancecan.ca/css/style.css]
[engage.alliancecan.ca/img/Alliance_Logo_White.svg]
[engage.alliancecan.ca/img/Alliance_Logo_White_FR.svg]
[engage.alliancecan.ca/french.html]
[engage.alliancecan.ca/img/Alliance_Stat-140-Circle.svg]
[engage.alliancecan.ca/img/Alliance_Arrows.svg]
[engage.alliancecan.ca/img/Alliance_Footer-Shapes.svg]
[engage.alliancecan.ca/img/Alliance_Logo_White_FR.svg]
[engage.alliancecan.ca/index-2.html]
[engage.alliancecan.ca/index-2.html]
